projects/amazon-trend-analyzer/qb_chunks/page_675_skip675000.csv
ASIN Buyability Flag,asin_status,CVR%,revenue,asp,units,gv,Images #,Videos #,Has A+ Content,Buybox Winner,Average Rating,Number of Ratings,bb_price,Ad CTR%,Ad CVR%,bsr,brand,Ad CPC$,ASIN (Description),Update Type,Sold By Amazon,Has Coupon?,Has Store Link?,In Stock Today?,category,Sellable On Hand Units,asin,date,Ad Cost,Ad Sales,Ad Clicks,Ad Impressions,Ad Conversions
In Stock,FD,0.375,13.0,4.49,3.0,8.0,3.0,0.0,False,,4.4,11717.0,4.49,,,254.0,Arm & Hammer,,"B0DN27ND1H (Arm & Hammer Dental Treats Nubbies Small for Dogs in Chicken Flavor, 5 Count/1.75oz)",[],True,True,True,False,Treats & Chews,539.0,B0DN27ND1H,2026-03-06,,,,,
In Stock,FD,0.0,0.0,,0.0,7.0,3.0,0.0,False,,4.4,11713.0,4.49,,,257.0,Arm & Hammer,,"B0DN27ND1H (Arm & Hammer Dental Treats Nubbies Small for Dogs in Chicken Flavor, 5 Count/1.75oz)",[],True,True,True,False,Treats & Chews,567.0,B0DN27ND1H,2026-03-05,,,,,
In Stock,FD,0.059,5.0,4.63,1.0,17.0,3.0,0.0,False,,4.4,11712.0,4.63,,,256.0,Arm & Hammer,,"B0DN27ND1H (Arm & Hammer Dental Treats Nubbies Small for Dogs in Chicken Flavor, 5 Count/1.75oz)",[],True,True,True,False,Treats & Chews,562.0,B0DN27ND1H,2026-03-04,,,,,
In Stock,FD,0.417,23.0,4.63,5.0,12.0,3.0,0.0,False,,4.4,11712.0,4.06,,,263.0,Arm & Hammer,,"B0DN27ND1H (Arm & Hammer Dental Treats Nubbies Small for Dogs in Chicken Flavor, 5 Count/1.75oz)",[],True,True,True,False,Treats & Chews,518.0,B0DN27ND1H,2026-03-03,,,,,
In Stock,FD,0.222,8.0,3.99,2.0,9.0,3.0,0.0,False,,4.4,11711.0,3.99,,,265.0,Arm & Hammer,,"B0DN27ND1H (Arm & Hammer Dental Treats Nubbies Small for Dogs in Chicken Flavor, 5 Count/1.75oz)",[],True,True,True,False,Treats & Chews,503.0,B0DN27ND1H,2026-03-02,,,,,
In Stock,FD,-0.4,-8.0,3.99,-2.0,5.0,3.0,0.0,False,,4.4,11710.0,3.99,,,265.0,Arm & Hammer,,"B0DN27ND1H (Arm & Hammer Dental Treats Nubbies Small for Dogs in Chicken Flavor, 5 Count/1.75oz)",[],True,True,True,False,Treats & Chews,489.0,B0DN27ND1H,2026-03-01,,,,,
In Stock,FD,0.235,16.0,3.99,4.0,17.0,3.0,0.0,False,,4.4,11709.0,3.99,,,246.0,Arm & Hammer,,"B0DN27ND1H (Arm & Hammer Dental Treats Nubbies Small for Dogs in Chicken Flavor, 5 Count/1.75oz)",[],True,True,True,False,Treats & Chews,483.0,B0DN27ND1H,2026-02-28,,,,,
In Stock,FD,0.556,20.0,3.99,5.0,9.0,3.0,0.0,False,,4.4,11709.0,3.99,,,243.0,Arm & Hammer,,"B0DN27ND1H (Arm & Hammer Dental Treats Nubbies Small for Dogs in Chicken Flavor, 5 Count/1.75oz)",[],True,True,True,False,Treats & Chews,464.0,B0DN27ND1H,2026-02-27,,,,,
In Stock,FD,0.9229999999999999,48.0,3.99,12.0,13.0,3.0,0.0,False,,4.4,11710.0,3.99,,,252.0,Arm & Hammer,,"B0DN27ND1H (Arm & Hammer Dental Treats Nubbies Small for Dogs in Chicken Flavor, 5 Count/1.75oz)",[],True,True,True,False,Treats & Chews,487.0,B0DN27ND1H,2026-02-26,,,,,
In Stock,FD,0.357,20.0,3.99,5.0,14.0,3.0,0.0,False,,4.4,11708.0,3.99,,,230.0,Arm & Hammer,,"B0DN27ND1H (Arm & Hammer Dental Treats Nubbies Small for Dogs in Chicken Flavor, 5 Count/1.75oz)",[],True,True,True,False,Treats & Chews,549.0,B0DN27ND1H,2026-02-25,,,,,
In Stock,FD,0.154,8.0,3.99,2.0,13.0,3.0,0.0,False,,4.4,11707.0,3.99,,,237.0,Arm & Hammer,,"B0DN27ND1H (Arm & Hammer Dental Treats Nubbies Small for Dogs in Chicken Flavor, 5 Count/1.75oz)",[],True,True,True,False,Treats & Chews,458.0,B0DN27ND1H,2026-02-24,,,,,
In Stock,FD,0.118,8.0,3.99,2.0,17.0,3.0,0.0,False,,4.4,11704.0,3.99,,,251.0,Arm & Hammer,,"B0DN27ND1H (Arm & Hammer Dental Treats Nubbies Small for Dogs in Chicken Flavor, 5 Count/1.75oz)",[],True,True,True,False,Treats & Chews,410.0,B0DN27ND1H,2026-02-23,,,,,
In Stock,FD,0.375,12.0,3.99,3.0,8.0,3.0,0.0,False,,4.4,11703.0,3.99,,,248.0,Arm & Hammer,,"B0DN27ND1H (Arm & Hammer Dental Treats Nubbies Small for Dogs in Chicken Flavor, 5 Count/1.75oz)",[],True,True,True,False,Treats & Chews,411.0,B0DN27ND1H,2026-02-22,,,,,
In Stock,FD,0.308,16.0,3.99,4.0,13.0,3.0,0.0,False,,4.4,11702.0,3.99,,,253.0,Arm & Hammer,,"B0DN27ND1H (Arm & Hammer Dental Treats Nubbies Small for Dogs in Chicken Flavor, 5 Count/1.75oz)",[],True,True,True,False,Treats & Chews,417.0,B0DN27ND1H,2026-02-21,,,,,
In Stock,FD,0.75,36.0,3.99,9.0,12.0,3.0,0.0,False,,4.4,11701.0,3.99,,,255.0,Arm & Hammer,,"B0DN27ND1H (Arm & Hammer Dental Treats Nubbies Small for Dogs in Chicken Flavor, 5 Count/1.75oz)",[],True,True,True,False,Treats & Chews,428.0,B0DN27ND1H,2026-02-20,,,,,
In Stock,FD,0.25,12.0,3.99,3.0,12.0,3.0,0.0,False,,4.4,11701.0,3.99,,,241.0,Arm & Hammer,,"B0DN27ND1H (Arm & Hammer Dental Treats Nubbies Small for Dogs in Chicken Flavor, 5 Count/1.75oz)",[],True,True,True,False,Treats & Chews,432.0,B0DN27ND1H,2026-02-19,,,,,
In Stock,FD,0.364,16.0,3.99,4.0,11.0,3.0,0.0,False,,4.4,11701.0,3.99,,,256.0,Arm & Hammer,,"B0DN27ND1H (Arm & Hammer Dental Treats Nubbies Small for Dogs in Chicken Flavor, 5 Count/1.75oz)",[],True,True,True,False,Treats & Chews,427.0,B0DN27ND1H,2026-02-18,,,,,
In Stock,FD,0.0,0.0,,0.0,24.0,3.0,0.0,False,,4.4,11701.0,3.99,,,277.0,Arm & Hammer,,"B0DN27ND1H (Arm & Hammer Dental Treats Nubbies Small for Dogs in Chicken Flavor, 5 Count/1.75oz)",[],True,True,True,False,Treats & Chews,428.0,B0DN27ND1H,2026-02-17,,,,,
In Stock,FD,0.133,8.0,3.99,2.0,15.0,3.0,0.0,False,,4.4,11701.0,3.99,,,272.0,Arm & Hammer,,"B0DN27ND1H (Arm & Hammer Dental Treats Nubbies Small for Dogs in Chicken Flavor, 5 Count/1.75oz)",[],True,True,True,False,Treats & Chews,429.0,B0DN27ND1H,2026-02-16,,,,,
In Stock,FD,0.15,12.0,3.99,3.0,20.0,3.0,0.0,False,,4.4,11700.0,3.99,,,279.0,Arm & Hammer,,"B0DN27ND1H (Arm & Hammer Dental Treats Nubbies Small for Dogs in Chicken Flavor, 5 Count/1.75oz)",[],True,True,True,False,Treats & Chews,423.0,B0DN27ND1H,2026-02-15,,,,,
In Stock,FD,0.4,16.0,3.99,4.0,10.0,3.0,0.0,False,,4.4,11698.0,3.99,,,274.0,Arm & Hammer,,"B0DN27ND1H (Arm & Hammer Dental Treats Nubbies Small for Dogs in Chicken Flavor, 5 Count/1.75oz)",[],True,True,True,False,Treats & Chews,416.0,B0DN27ND1H,2026-02-14,,,,,
In Stock,FD,0.25,20.0,3.99,5.0,20.0,3.0,0.0,False,,4.4,11698.0,3.99,,,263.0,Arm & Hammer,,"B0DN27ND1H (Arm & Hammer Dental Treats Nubbies Small for Dogs in Chicken Flavor, 5 Count/1.75oz)",[],True,True,True,False,Treats & Chews,417.0,B0DN27ND1H,2026-02-13,,,,,
In Stock,FD,0.188,12.0,3.99,3.0,16.0,3.0,0.0,False,,4.4,11698.0,3.99,,,244.0,Arm & Hammer,,"B0DN27ND1H (Arm & Hammer Dental Treats Nubbies Small for Dogs in Chicken Flavor, 5 Count/1.75oz)",[],True,True,True,False,Treats & Chews,417.0,B0DN27ND1H,2026-02-12,,,,,
In Stock,FD,0.211,16.0,3.99,4.0,19.0,3.0,0.0,False,,4.4,11699.0,3.99,,,239.0,Arm & Hammer,,"B0DN27ND1H (Arm & Hammer Dental Treats Nubbies Small for Dogs in Chicken Flavor, 5 Count/1.75oz)",[],True,True,True,False,Treats & Chews,427.0,B0DN27ND1H,2026-02-11,,,,,
In Stock,FD,0.25,16.0,3.99,4.0,16.0,3.0,0.0,False,,4.4,11697.0,3.99,,,241.0,Arm & Hammer,,"B0DN27ND1H (Arm & Hammer Dental Treats Nubbies Small for Dogs in Chicken Flavor, 5 Count/1.75oz)",[],True,True,True,False,Treats & Chews,428.0,B0DN27ND1H,2026-02-10,,,,,
In Stock,FD,0.5,20.0,3.99,5.0,10.0,3.0,0.0,False,,4.4,11697.0,3.99,,,254.0,Arm & Hammer,,"B0DN27ND1H (Arm & Hammer Dental Treats Nubbies Small for Dogs in Chicken Flavor, 5 Count/1.75oz)",[],True,True,True,False,Treats & Chews,397.0,B0DN27ND1H,2026-02-09,,,,,
In Stock,FD,0.125,8.0,3.99,2.0,16.0,3.0,0.0,False,,4.4,11696.0,3.99,,,254.0,Arm & Hammer,,"B0DN27ND1H (Arm & Hammer Dental Treats Nubbies Small for Dogs in Chicken Flavor, 5 Count/1.75oz)",[],True,True,True,False,Treats & Chews,370.0,B0DN27ND1H,2026-02-08,,,,,
In Stock,FD,0.211,16.0,3.99,4.0,19.0,3.0,0.0,False,,4.4,11696.0,3.99,,,249.0,Arm & Hammer,,"B0DN27ND1H (Arm & Hammer Dental Treats Nubbies Small for Dogs in Chicken Flavor, 5 Count/1.75oz)",[],True,True,True,False,Treats & Chews,375.0,B0DN27ND1H,2026-02-07,,,,,
In Stock,FD,0.875,56.0,3.99,14.0,16.0,3.0,0.0,False,,4.4,11697.0,3.99,,,252.0,Arm & Hammer,,"B0DN27ND1H (Arm & Hammer Dental Treats Nubbies Small for Dogs in Chicken Flavor, 5 Count/1.75oz)",[],True,True,True,False,Treats & Chews,389.0,B0DN27ND1H,2026-02-06,,,,,
In Stock,FD,0.333,16.0,3.99,4.0,12.0,3.0,0.0,False,,4.4,11696.0,3.99,,,255.0,Arm & Hammer,,"B0DN27ND1H (Arm & Hammer Dental Treats Nubbies Small for Dogs in Chicken Flavor, 5 Count/1.75oz)",[],True,True,True,False,Treats & Chews,392.0,B0DN27ND1H,2026-02-05,,,,,
In Stock,FD,0.222,16.0,3.99,4.0,18.0,3.0,0.0,False,,4.4,11694.0,3.99,,,255.0,Arm & Hammer,,"B0DN27ND1H (Arm & Hammer Dental Treats Nubbies Small for Dogs in Chicken Flavor, 5 Count/1.75oz)",[],True,True,True,False,Treats & Chews,398.0,B0DN27ND1H,2026-02-04,,,,,
In Stock,FD,0.182,8.0,3.99,2.0,11.0,3.0,0.0,False,,4.4,11690.0,3.99,,,263.0,Arm & Hammer,,"B0DN27ND1H (Arm & Hammer Dental Treats Nubbies Small for Dogs in Chicken Flavor, 5 Count/1.75oz)",[],True,True,True,False,Treats & Chews,391.0,B0DN27ND1H,2026-02-03,,,,,
In Stock,FD,0.045,4.0,3.99,1.0,22.0,3.0,0.0,False,,4.4,11691.0,3.99,,,258.0,Arm & Hammer,,"B0DN27ND1H (Arm & Hammer Dental Treats Nubbies Small for Dogs in Chicken Flavor, 5 Count/1.75oz)",[],True,True,True,False,Treats & Chews,392.0,B0DN27ND1H,2026-02-02,,,,,
In Stock,FD,0.778,56.0,3.99,14.0,18.0,9.0,0.0,False,,4.4,11690.0,3.99,,,258.0,Arm & Hammer,,"B0DN27ND1H (Arm & Hammer Dental Treats Nubbies Small for Dogs in Chicken Flavor, 5 Count/1.75oz)",[],True,True,True,False,Treats & Chews,394.0,B0DN27ND1H,2026-02-01,,,,,
In Stock,FD,0.24,24.0,3.99,6.0,25.0,3.0,0.0,False,,4.4,11689.0,3.99,,,255.0,Arm & Hammer,,"B0DN27ND1H (Arm & Hammer Dental Treats Nubbies Small for Dogs in Chicken Flavor, 5 Count/1.75oz)",[],True,True,True,False,Treats & Chews,402.0,B0DN27ND1H,2026-01-31,,,,,
In Stock,FD,0.115,12.0,3.99,3.0,26.0,3.0,0.0,False,,4.4,11688.0,3.99,,,261.0,Arm & Hammer,,"B0DN27ND1H (Arm & Hammer Dental Treats Nubbies Small for Dogs in Chicken Flavor, 5 Count/1.75oz)",[],True,True,True,False,Treats & Chews,401.0,B0DN27ND1H,2026-01-30,,,,,
In Stock,FD,0.286,24.0,3.99,6.0,21.0,3.0,0.0,False,,4.4,11687.0,3.99,,,259.0,Arm & Hammer,,"B0DN27ND1H (Arm & Hammer Dental Treats Nubbies Small for Dogs in Chicken Flavor, 5 Count/1.75oz)",[],True,True,True,False,Treats & Chews,442.0,B0DN27ND1H,2026-01-29,,,,,
In Stock,FD,0.286,16.0,3.99,4.0,14.0,3.0,0.0,False,,4.4,11686.0,3.99,,,257.0,Arm & Hammer,,"B0DN27ND1H (Arm & Hammer Dental Treats Nubbies Small for Dogs in Chicken Flavor, 5 Count/1.75oz)",[],True,True,True,False,Treats & Chews,346.0,B0DN27ND1H,2026-01-28,,,,,
In Stock,FD,0.4,24.0,3.99,6.0,15.0,3.0,0.0,False,,4.4,11683.0,3.99,,,267.0,Arm & Hammer,,"B0DN27ND1H (Arm & Hammer Dental Treats Nubbies Small for Dogs in Chicken Flavor, 5 Count/1.75oz)",[],True,True,True,False,Treats & Chews,349.0,B0DN27ND1H,2026-01-27,,,,,
In Stock,FD,-0.05,-4.0,3.99,-1.0,20.0,3.0,0.0,False,,4.4,11682.0,3.99,,,259.0,Arm & Hammer,,"B0DN27ND1H (Arm & Hammer Dental Treats Nubbies Small for Dogs in Chicken Flavor, 5 Count/1.75oz)",[],True,True,True,False,Treats & Chews,357.0,B0DN27ND1H,2026-01-26,,,,,
In Stock,FD,0.063,4.0,3.99,1.0,16.0,3.0,0.0,False,,4.4,11679.0,3.99,,,262.0,Arm & Hammer,,"B0DN27ND1H (Arm & Hammer Dental Treats Nubbies Small for Dogs in Chicken Flavor, 5 Count/1.75oz)",[],True,True,True,False,Treats & Chews,393.0,B0DN27ND1H,2026-01-25,,,,,
In Stock,FD,0.2,16.0,3.99,4.0,20.0,3.0,0.0,False,,4.4,11680.0,3.99,,,255.0,Arm & Hammer,,"B0DN27ND1H (Arm & Hammer Dental Treats Nubbies Small for Dogs in Chicken Flavor, 5 Count/1.75oz)",[],True,True,True,False,Treats & Chews,396.0,B0DN27ND1H,2026-01-24,,,,,
In Stock,FD,0.462,24.0,3.99,6.0,13.0,3.0,0.0,False,,4.4,11679.0,3.99,,,253.0,Arm & Hammer,,"B0DN27ND1H (Arm & Hammer Dental Treats Nubbies Small for Dogs in Chicken Flavor, 5 Count/1.75oz)",[],True,True,True,False,Treats & Chews,342.0,B0DN27ND1H,2026-01-23,,,,,
In Stock,FD,0.167,4.0,3.99,1.0,6.0,3.0,0.0,False,,4.4,11677.0,3.99,,,258.0,Arm & Hammer,,"B0DN27ND1H (Arm & Hammer Dental Treats Nubbies Small for Dogs in Chicken Flavor, 5 Count/1.75oz)",[],True,True,True,False,Treats & Chews,345.0,B0DN27ND1H,2026-01-22,,,,,
In Stock,FD,0.286,8.0,3.99,2.0,7.0,3.0,0.0,False,,4.4,11673.0,3.99,,,263.0,Arm & Hammer,,"B0DN27ND1H (Arm & Hammer Dental Treats Nubbies Small for Dogs in Chicken Flavor, 5 Count/1.75oz)",[],True,True,True,False,Treats & Chews,347.0,B0DN27ND1H,2026-01-16,,,,,
In Stock,FD,0.238,20.0,3.99,5.0,21.0,3.0,0.0,False,,4.4,11670.0,3.99,,,251.0,Arm & Hammer,,"B0DN27ND1H (Arm & Hammer Dental Treats Nubbies Small for Dogs in Chicken Flavor, 5 Count/1.75oz)",[],True,True,True,False,Treats & Chews,325.0,B0DN27ND1H,2026-01-15,,,,,
In Stock,FD,0.353,24.0,3.99,6.0,17.0,3.0,0.0,False,,4.4,11670.0,3.99,,,248.0,Arm & Hammer,,"B0DN27ND1H (Arm & Hammer Dental Treats Nubbies Small for Dogs in Chicken Flavor, 5 Count/1.75oz)",[],True,True,True,False,Treats & Chews,356.0,B0DN27ND1H,2026-01-14,,,,,
In Stock,FD,0.556,40.0,3.99,10.0,18.0,3.0,0.0,False,,4.4,11669.0,5.1,,,245.0,Arm & Hammer,,"B0DN27ND1H (Arm & Hammer Dental Treats Nubbies Small for Dogs in Chicken Flavor, 5 Count/1.75oz)",[],True,True,True,False,Treats & Chews,337.0,B0DN27ND1H,2026-01-13,,,,,
In Stock,FD,1.0,20.0,5.1,4.0,4.0,3.0,0.0,False,,4.4,11666.0,3.99,,,250.0,Arm & Hammer,,"B0DN27ND1H (Arm & Hammer Dental Treats Nubbies Small for Dogs in Chicken Flavor, 5 Count/1.75oz)",[],True,True,True,False,Treats & Chews,329.0,B0DN27ND1H,2026-01-12,,,,,
In Stock,FD,0.125,8.0,3.99,2.0,16.0,3.0,0.0,False,,4.4,11666.0,3.99,,,237.0,Arm & Hammer,,"B0DN27ND1H (Arm & Hammer Dental Treats Nubbies Small for Dogs in Chicken Flavor, 5 Count/1.75oz)",[],True,True,True,False,Treats & Chews,294.0,B0DN27ND1H,2026-01-11,,,,,
In Stock,FD,0.643,36.0,3.99,9.0,14.0,3.0,0.0,False,,4.4,11666.0,3.99,,,253.0,Arm & Hammer,,"B0DN27ND1H (Arm & Hammer Dental Treats Nubbies Small for Dogs in Chicken Flavor, 5 Count/1.75oz)",[],True,True,True,False,Treats & Chews,298.0,B0DN27ND1H,2026-01-10,,,,,
In Stock,FD,0.556,20.0,3.99,5.0,9.0,3.0,0.0,False,,4.4,11664.0,3.99,,,258.0,Arm & Hammer,,"B0DN27ND1H (Arm & Hammer Dental Treats Nubbies Small for Dogs in Chicken Flavor, 5 Count/1.75oz)",[],True,True,True,False,Treats & Chews,256.0,B0DN27ND1H,2026-01-09,,,,,
In Stock,FD,0.231,12.0,3.99,3.0,13.0,4.0,0.0,False,,4.4,11663.0,3.99,,,249.0,Arm & Hammer,,"B0DN27ND1H (Arm & Hammer Dental Treats Nubbies Small for Dogs in Chicken Flavor, 5 Count/1.75oz)",[],True,True,True,False,Treats & Chews,261.0,B0DN27ND1H,2026-01-08,,,,,
In Stock,FD,0.176,12.0,3.99,3.0,17.0,4.0,0.0,False,,4.4,11628.0,3.99,,,244.0,Arm & Hammer,,"B0DN27ND1H (Arm & Hammer Dental Treats Nubbies Small for Dogs in Chicken Flavor, 5 Count/1.75oz)",[],True,True,True,False,Treats & Chews,262.0,B0DN27ND1H,2026-01-07,,,,,
In Stock,FD,0.053,4.0,3.99,1.0,19.0,4.0,0.0,False,,4.4,11884.0,3.99,,,255.0,Arm & Hammer,,"B0DN27ND1H (Arm & Hammer Dental Treats Nubbies Small for Dogs in Chicken Flavor, 5 Count/1.75oz)",[],True,True,True,False,Treats & Chews,262.0,B0DN27ND1H,2026-01-06,,,,,
In Stock,FD,0.357,20.0,3.99,5.0,14.0,4.0,0.0,False,,4.4,11881.0,3.99,,,248.0,Arm & Hammer,,"B0DN27ND1H (Arm & Hammer Dental Treats Nubbies Small for Dogs in Chicken Flavor, 5 Count/1.75oz)",[],True,True,True,False,Treats & Chews,268.0,B0DN27ND1H,2026-01-05,,,,,
In Stock,FD,0.154,16.0,3.99,4.0,26.0,4.0,0.0,False,,4.4,11881.0,3.99,,,252.0,Arm & Hammer,,"B0DN27ND1H (Arm & Hammer Dental Treats Nubbies Small for Dogs in Chicken Flavor, 5 Count/1.75oz)",[],True,True,True,False,Treats & Chews,280.0,B0DN27ND1H,2026-01-04,,,,,
In Stock,FD,0.136,12.0,3.99,3.0,22.0,4.0,0.0,False,,4.4,11880.0,3.99,,,245.0,Arm & Hammer,,"B0DN27ND1H (Arm & Hammer Dental Treats Nubbies Small for Dogs in Chicken Flavor, 5 Count/1.75oz)",[],True,True,True,False,Treats & Chews,284.0,B0DN27ND1H,2026-01-03,,,,,
In Stock,FD,1.154,60.0,3.99,15.0,13.0,4.0,0.0,False,,4.4,11877.0,3.99,,,243.0,Arm & Hammer,,"B0DN27ND1H (Arm & Hammer Dental Treats Nubbies Small for Dogs in Chicken Flavor, 5 Count/1.75oz)",[],True,True,True,False,Treats & Chews,294.0,B0DN27ND1H,2026-01-02,,,,,
In Stock,FD,0.273,12.0,3.99,3.0,11.0,4.0,0.0,False,,4.4,11876.0,3.99,,,243.0,Arm & Hammer,,"B0DN27ND1H (Arm & Hammer Dental Treats Nubbies Small for Dogs in Chicken Flavor, 5 Count/1.75oz)",[],True,False,True,False,Treats & Chews,295.0,B0DN27ND1H,2026-01-01,,,,,
In Stock,FD,0.083,4.0,3.99,1.0,12.0,4.0,0.0,False,,4.4,11874.0,3.99,,,232.0,Arm & Hammer,,"B0DN27ND1H (Arm & Hammer Dental Treats Nubbies Small for Dogs in Chicken Flavor, 5 Count/1.75oz)",[],True,True,True,False,Treats & Chews,295.0,B0DN27ND1H,2025-12-31,,,,,
In Stock,FD,0.158,12.0,3.99,3.0,19.0,4.0,0.0,False,,4.4,11874.0,3.99,,,249.0,Arm & Hammer,,"B0DN27ND1H (Arm & Hammer Dental Treats Nubbies Small for Dogs in Chicken Flavor, 5 Count/1.75oz)",[],True,True,True,False,Treats & Chews,296.0,B0DN27ND1H,2025-12-30,,,,,
In Stock,FD,0.333,12.0,3.99,3.0,9.0,4.0,0.0,False,,4.4,11873.0,3.99,,,242.0,Arm & Hammer,,"B0DN27ND1H (Arm & Hammer Dental Treats Nubbies Small for Dogs in Chicken Flavor, 5 Count/1.75oz)",[],True,True,True,False,Treats & Chews,299.0,B0DN27ND1H,2025-12-29,,,,,
In Stock,FD,0.545,24.0,3.99,6.0,11.0,4.0,0.0,False,,4.4,11873.0,3.99,,,246.0,Arm & Hammer,,"B0DN27ND1H (Arm & Hammer Dental Treats Nubbies Small for Dogs in Chicken Flavor, 5 Count/1.75oz)",[],True,True,True,False,Treats & Chews,302.0,B0DN27ND1H,2025-12-28,,,,,
In Stock,FD,0.273,24.0,3.99,6.0,22.0,4.0,0.0,False,,4.4,11873.0,3.99,,,246.0,Arm & Hammer,,"B0DN27ND1H (Arm & Hammer Dental Treats Nubbies Small for Dogs in Chicken Flavor, 5 Count/1.75oz)",[],True,True,True,False,Treats & Chews,312.0,B0DN27ND1H,2025-12-27,,,,,
In Stock,FD,0.5,28.0,3.99,7.0,14.0,4.0,0.0,False,,4.4,11873.0,3.99,,,263.0,Arm & Hammer,,"B0DN27ND1H (Arm & Hammer Dental Treats Nubbies Small for Dogs in Chicken Flavor, 5 Count/1.75oz)",[],True,True,True,False,Treats & Chews,315.0,B0DN27ND1H,2025-12-26,,,,,
